[hcdd1.org/page/Our_Mission.html]
[backblue.gif]
[fade.gif]
[index.html]
[hcdd1.org/runtime/styles/main.css]
[hcdd1.org/runtime/styles/layout.css]
[hcdd1.org/runtime/styles/ezrss.css]
[hcdd1.org/runtime/styles/ezformObjects.css]
[hcdd1.org/runtime/skins/TabStrip/TabStrip.ezMetroTouch.css]
[hcdd1.org/runtime/skins/ImageGallery/ImageGallery.ezMetro.css]
[hcdd1.org/runtime/skins/Menu/Menu.ezSilk.css]
[hcdd1.org/runtime/skins/PanelBar/PanelBar.ezMetro.css]
[hcdd1.org/runtime/skins/DropDownList/DropDownList.ezMetro.css]
[hcdd1.org/runtime/styles/docManager.css]
[hcdd1.org/runtime/styles/scheduler.css]
[hcdd1.org/runtime/styles/sitemap.css]
[hcdd1.org/runtime/styles/eztoggle.css]
[hcdd1.org/runtime/styles/ezGallery28b5.css]
[hcdd1.org/runtime/styles/normalize.min.css]
[hcdd1.org/runtime/styles/ezmegastyle.css]
[hcdd1.org/runtime/styles/ionicons.min.css]
[hcdd1.org/runtime/styles/ezsubscribe.css]
[hcdd1.org/runtime/styles/ezLoader.css]
[hcdd1.org/runtime/styles/calendarfeed.css]
[hcdd1.org/runtime/styles/ezTimeout.css]
[hcdd1.org/runtime/styles/dbRuntimef4d9.css]
[hcdd1.org/runtime/styles/communicator8821.css]
[hcdd1.org/runtime/styles/calendarControlf65d.css]
[hcdd1.org/runtime/scripts/ezLoader.js]
[hcdd1.org/runtime/scripts/ezGallery28b5.js]
[hcdd1.org/runtime/scripts/modernizr-2.8.3.min.js]
[hcdd1.org/runtime/scripts/megamenu.js]
[hcdd1.org/runtime/scripts/ezTimeout.js]
[hcdd1.org/page/homepage.html]
[hcdd1.org/page/Contact_Us.html]
[hcdd1.org/templates/t_images/search.png]
[hcdd1.org/upload/shared/widgets/image/000026/HeaderLogo.png]
[hcdd1.org/page/History_of_District.html]
[hcdd1.org/page/Our_Organization.html]
[hcdd1.org/page/Projects_2012_Bond.html]
[hcdd1.org/page/Projects_2012_Bond_RDD.html]
[hcdd1.org/page/Weir_Project_MFCW_4.html]
[hcdd1.org/page/inHouse_Projects.html]
[hcdd1.org/page/Kids_Corner.html]
[hcdd1.org/page/Floodplains_Explained.html]
[hcdd1.org/page/Downloads.html]
[hcdd1.org/page/Reports_Financial.html]
[hcdd1.org/page/Reports_Budget.html]
[hcdd1.org/upload/page/0026/widgets/image/000766/DJI_0029.jpg]
[hcdd1.org/page/Our_Mission.html]
[hcdd1.org/runtime/scripts/custom.js]
[hcdd1.org/runtime/scripts/ezalert.js]
[hcdd1.org/runtime/styles/fancyfonts.css]
[hcdd1.org/runtime/styles/fonts.css]
[hcdd1.org/runtime/styles/colors.css]
[hcdd1.org/runtime/styles/main.css]
[hcdd1.org/runtime/styles/layout.css]
[hcdd1.org/runtime/styles/ezrss.css]
[hcdd1.org/runtime/styles/ezformObjects.css]
[hcdd1.org/runtime/styles/font-awesome.css]
[hcdd1.org/runtime/skins/TabStrip/metrotouch-sprite.png]
[hcdd1.org/runtime/skins/TabStrip/TabStrip.ezMetroTouch.css]
[hcdd1.org/runtime/skins/ImageGallery/radActionsSprite.png]
[hcdd1.org/runtime/skins/ImageGallery/ImageGallery.ezMetro.css]
[hcdd1.org/runtime/skins/ImageGallery/sprite.png]
[hcdd1.org/runtime/skins/Menu/Menu.ezSilk.css]
[hcdd1.org/runtime/skins/PanelBar/PanelBar.ezMetro.css]
[hcdd1.org/runtime/skins/DropDownList/droparrow.png]
[hcdd1.org/runtime/skins/DropDownList/DropDownList.ezMetro.css]
[hcdd1.org/runtime/skins/DropDownList/droparrow_over.png]
[hcdd1.org/runtime/styles/docManager.css]
[hcdd1.org/runtime/styles/scheduler.css]
[hcdd1.org/runtime/images/caldot.gif]
[hcdd1.org/runtime/styles/sitemap.css]
[hcdd1.org/runtime/styles/eztoggle.css]
[hcdd1.org/runtime/styles/ezGallery28b5.css]
[hcdd1.org/runtime/styles/normalize.min.css]
[hcdd1.org/runtime/styles/ezmegastyle.css]
[hcdd1.org/runtime/styles/custom.css]
[hcdd1.org/runtime/styles/ionicons.min.css]
[hcdd1.org/runtime/styles/ezsubscribe.css]
[hcdd1.org/runtime/styles/ezLoader.css]
[hcdd1.org/runtime/styles/calendarfeed.css]
[hcdd1.org/runtime/images/ezTimeoutExit.png]
[hcdd1.org/runtime/styles/ezTimeout.css]
[hcdd1.org/runtime/styles/dbRuntimef4d9.css]
[hcdd1.org/runtime/styles/communicator8821.css]
[hcdd1.org/runtime/styles/calendarControlf65d.css]
[hcdd1.org/page/calendar.html]
[hcdd1.org/upload/page/0001/images/BOD.jpg]
[hcdd1.org/page/homepage.html]
[hcdd1.org/upload/page/0029/widgets/image/000858/Building1.png]
[hcdd1.org/page/Contact_Us.html]
[hcdd1.org/upload/page/0042/widgets/image/000773/Project IMG_4170.jpg]
[hcdd1.org/page/History_of_District.html]
[hcdd1.org/page/Our_Organization_Admin - Copy.html]
[hcdd1.org/upload/page/0041/widgets/image/000780/Raul Sesin.jpg]
[hcdd1.org/page/Our_Organization.html]
[hcdd1.org/page/Projects_2012_j09_Drain.html]
[hcdd1.org/page/Projects_2012_Raymondville.html]
[hcdd1.org/page/Projects_West_Main_Drain_Control.html]
[hcdd1.org/page/Projects_Mission_Lateral.html]
[hcdd1.org/page/Projects_FM_495_Drain_Control_2.html]
[hcdd1.org/page/Projects_Pharr_SanJuan_Alamo_Lateral_Drain.html]
[hcdd1.org/page/Projects_Mission_Inlet_Recertification.html]
[hcdd1.org/page/Projects_Jackson_Drain_Culvert.html]
[hcdd1.org/page/Projects_Edinburg_Stub_Control_Structure.html]
[hcdd1.org/page/Projects_Alamo_Lateral_Control_Structure.html]
[hcdd1.org/page/Projects_South_Pharr_McAllen_Lateral.html]
[hcdd1.org/page/Projects_Donna_North_Lateral.html]
[hcdd1.org/page/Projects_Alamo_Expressway_Drain.html]
[hcdd1.org/page/Projects_South_Floodwater_Channel.html]
[hcdd1.org/page/Projects_Monte_Cristo_Drain_Control_Structure.html]
[hcdd1.org/page/Projects_Weslaco_North_Lateral_Control_Structure.html]
[hcdd1.org/page/Projects_East_Donna_Drain.html]
[hcdd1.org/page/Projects_Weslaco_Drain_Lateral.html]
[hcdd1.org/page/Projects_South_Mercedes_Lateral_Control.html]
[hcdd1.org/page/Projects_Mercedes_Lateral.html]
[hcdd1.org/page/Projects_Rado_Drain_Reroute.html]
[hcdd1.org/upload/page/0036/widgets/image/000705/HCDD1 Bond Projects_2.png]
[hcdd1.org/page/Projects_2012_Bond.html]
[hcdd1.org/page/Projects_Adams_Black_Subdivision_RDD.html]
[hcdd1.org/page/Projects_Delta_West_RDD.html]
[hcdd1.org/page/Projects_Ditch_023_RDD.html]
[hcdd1.org/page/Projects_Heidelberg_Subdivision_RDD.html]
[hcdd1.org/page/Projects_Lucero_Del_Norte_RDD.html]
[hcdd1.org/page/Projects_Mile_6_West_DIP_RDD.html]
[hcdd1.org/page/Projects_Mile_13.html]
[hcdd1.org/page/Projects_Old_River_Road_RDD.html]
[hcdd1.org/page/Projects_Spanish_Palms_RDD.html]
[hcdd1.org/page/Projects_Tijerina_RDD.html]
[hcdd1.org/page/Projects_Hidden_Valley_Subdivision_RDD.html]
[hcdd1.org/page/Projects_Las_Milpas_South_RDD.html]
[hcdd1.org/page/Projects_Minnesota_Chavez_Area_RDD.html]
[hcdd1.org/page/Projects_Northside_Village_RDD.html]
[hcdd1.org/page/Projects_Piena_Vista_RDD.html]
[hcdd1.org/page/Projects_Seminole_Valley_RDD.html]
[hcdd1.org/page/Projects_Trenton_Crossing_RDD.html]
[hcdd1.org/page/Projects_Wisconsin_Crossing_RDD.html]
[hcdd1.org/page/Projects_FM_676_Drainage_Outfall_RDD.html]
[hcdd1.org/page/Projects_LaJoya_Watershed_RDD.html]
[hcdd1.org/page/Projects_Alamo_Brisas_RDD.html]
[hcdd1.org/page/Projects_Hoehn_RDD.html]
[hcdd1.org/page/Projects_Mile_17.html]
[hcdd1.org/page/Projects_North_Seminary_Estates_RDD.html]
[hcdd1.org/page/Projects_Trenton_Phases_II_III_RDD.html]
[hcdd1.org/upload/page/0043/images/HCDD1 Bond Projects.png]
[hcdd1.org/page/Projects_2012_Bond_RDD.html]
[hcdd1.org/page/Weir_Project_MFCW_5.html]
[hcdd1.org/page/Weir_Project_NMDW_1.html]
[hcdd1.org/page/Weir_Project_SMDW_5.html]
[hcdd1.org/page/Weir_Project_NMDW_3.html]
[hcdd1.org/upload/page/0107/widgets/image/001281/MainFloodwaterChannelWeir4.jpg]
[hcdd1.org/page/Weir_Project_MFCW_4.html]
[hcdd1.org/page/inHouse_Projects_Alamo_Lat.html]
[hcdd1.org/page/inHouse_Projects_Alberta_Drain.html]
[hcdd1.org/page/inHouse_Projects_Cesar_Chavez.html]
[hcdd1.org/page/inHouse_Projects_Curry.html]
[hcdd1.org/page/inHouse_Projects_East_Lateral.html]
[hcdd1.org/page/inHouse_Projects_Faysville.html]
[hcdd1.org/page/inHouse_Projects_Hoehn.html]
[hcdd1.org/page/inHouse_Projects_Indian_Hills.html]
[hcdd1.org/page/inHouse_Projects_J08.html]
[hcdd1.org/page/inHouse_Projects_J14_04.html]
[hcdd1.org/page/inHouse_Projects_EDB_Jackson.html]
[hcdd1.org/page/inHouse_Projects_Kenyon.html]
[hcdd1.org/page/inHouse_Projects_La_Mesa.html]
[hcdd1.org/page/inHouse_Projects_Melba_Carter.html]
[hcdd1.org/page/inHouse_Projects_Mercedes_Lat.html]
[hcdd1.org/page/inHouse_Projects_Milanos.html]
[hcdd1.org/page/inHouse_Projects_Mile3_Abram.html]
[hcdd1.org/page/inHouse_Projects_Mile_17.html]
[hcdd1.org/page/inHouse_Projects_North_Branch.html]
[hcdd1.org/page/inHouse_Projects_Penitas.html]
[hcdd1.org/page/inHouse_Projects_RMA.html]
[hcdd1.org/page/inHouse_Projects_Schunior.html]
[hcdd1.org/page/inHouse_Projects_Seminole.html]
[hcdd1.org/page/inHouse_Projects_South_Donna.html]
[hcdd1.org/page/inHouse_Projects_South_Main_Drain_I.html]
[hcdd1.org/page/inHouse_Projects_Sunflower_Park_Sec.html]
[hcdd1.org/page/inHouse_Projects_Willacy_Culvert_Weir_2.html]
[hcdd1.org/page/inHouse_Projects_Y_Drain.html]
[hcdd1.org/upload/page/0102/widgets/image/001254/HCDD1 Projects_1.png]
[hcdd1.org/page/inHouse_Projects.html]
[hcdd1.org/upload/page/0037/widgets/image/000738/IMG_1627.jpg]
[hcdd1.org/upload/page/0037/widgets/image/000720/Kids Corner.fw.png]
[hcdd1.org/page/Kids_Corner.html]
[hcdd1.org/upload/page/0038/widgets/image/000753/DJI_0325.jpg]
[hcdd1.org/upload/page/0038/widgets/image/000725/GIS Pic.png]
[hcdd1.org/upload/page/0038/widgets/image/000727/Water Flow.png]
[hcdd1.org/page/Floodplains_Explained.html]
[hcdd1.org/runtime/images/ezlock.png]
[hcdd1.org/upload/page/0039/widgets/image/000740/EE Line DSC_0016.jpg]
[hcdd1.org/runtime/images/ico_folder.png]
[hcdd1.org/runtime/images/ico_pdf.png]
[hcdd1.org/page/open/729/0/Crossing Permit Application.pdf]
[hcdd1.org/page/open/729/0/Drainage Report Checklist.pdf]
[hcdd1.org/page/open/729/0/Sample Drainage Statement.pdf]
[hcdd1.org/page/open/729/0/TXDOT-Utility Installation Review System-New User Account.pdf]
[hcdd1.org/page/open/729/0/Discharge Permit and Structure Detail.pdf]
[hcdd1.org/page/open/729/0/Construction Payment Requirement List.pdf]
[hcdd1.org/page/open/729/0/Notice To Proceed.pdf]
[hcdd1.org/page/open/729/0/Certificate of Substantial Completion.pdf]
[hcdd1.org/page/open/729/0/Certificate of Construction Completion.pdf]
[hcdd1.org/page/open/729/0/Warranty Letter.pdf]
[hcdd1.org/page/open/729/0/Final Contractors Affidavit of Debts Claims.pdf]
[hcdd1.org/page/open/729/0/Final Contractors Affidavit of Release of Liens from All Suppliers.pdf]
[hcdd1.org/page/open/729/0/Consent of Surety to Final Payment.pdf]
[hcdd1.org/page/open/729/0/Application for Payment.pdf]
[hcdd1.org/page/open/729/0/TxDot Form 252-Contract Time Statement.pdf]
[hcdd1.org/page/open/729/0/Estimate Quantity Worksheet.pdf]
[hcdd1.org/page/open/729/0/Monthly Update Material.pdf]
[hcdd1.org/page/open/729/0/Partial-Final Waiver of Lien.pdf]
[hcdd1.org/page/open/729/0/Change Order.pdf]
[hcdd1.org/page/open/729/0/Notice to Suspend.pdf]
[hcdd1.org/page/open/729/0/Notice to Resume Work.pdf]
[hcdd1.org/page/open/729/0/Standard Purchase Order Terms and Conditions.pdf]
[hcdd1.org/page/open/729/0/Brown Book - Revised.pdf]
[hcdd1.org/page/open/729/0/Civil Service Commission Rules - Chapter III Amended.pdf]
[hcdd1.org/page/open/729/0/Hidalgo County Brown Book.pdf]
[hcdd1.org/page/open/729/0/Hidalgo County Civil Service Blue.pdf]
[hcdd1.org/page/open/729/0/Insurance Requirements.pdf]
[hcdd1.org/page/open/729/0/CIQ and CIS Forms.pdf]
[hcdd1.org/page/open/729/0/Bidder Vendor Application and W-09.pdf]
[hcdd1.org/page/open/729/0/HB1295 Form.pdf]
[hcdd1.org/page/open/729/0/Purchase Order Terms and Conditions.pdf]
[hcdd1.org/runtime/images/ico_dwnload.png]
[hcdd1.org/runtime/images/ico_excel.png]
[hcdd1.org/runtime/images/ico_zip.png]
[hcdd1.org/runtime/images/ico_image.png]
[hcdd1.org/runtime/images/ico_powerpoint.png]
[hcdd1.org/runtime/images/ico_word.png]
[hcdd1.org/runtime/images/ico_office.png]
[hcdd1.org/page/Downloads.html]
[hcdd1.org/page/open/1576/0/2016 HCDD1 Final Audit Report.pdf]
[hcdd1.org/page/open/1576/0/2015 HCDD1 Final Audit Report.pdf]
[hcdd1.org/page/Reports_Financial.html]
[hcdd1.org/page/open/1574/0/2018 Proposed Drainage District Budget.pdf]
[hcdd1.org/page/open/1574/0/2016 Drainage District  Budget.pdf]
[hcdd1.org/page/Reports_Budget.html]
[hcdd1.org/runtime/styles/fancyfonts.css]
[hcdd1.org/runtime/styles/fonts.css]
[hcdd1.org/templates/t_images/bkg.jpg]
[hcdd1.org/templates/t_images/headerbkg.jpg]
[hcdd1.org/runtime/styles/colors.css]
[hcdd1.org/runtime/styles/font-awesome.css]
[hcdd1.org/runtime/styles/custom.css]
[hcdd1.org/page/calendar.html]
[hcdd1.org/upload/page/0063/widgets/image/000949/HCDD1_Orthomosaic small.png]
[hcdd1.org/upload/page/0063/widgets/database/000956/SesinRaul_sm.png]
[hcdd1.org/upload/page/0063/widgets/database/000956/SalazarJaime_sm.png]
[hcdd1.org/upload/page/0063/widgets/database/000956/SaldivarNoe_sm.png]
[hcdd1.org/upload/page/0063/widgets/database/000956/GonzalezJorge_sm.png]
[hcdd1.org/upload/page/0063/widgets/database/000956/DeLeonRobert_sm.png]
[hcdd1.org/upload/page/0063/widgets/database/000956/BrionesLora_sm.png]
[hcdd1.org/upload/page/0063/widgets/database/000956/ChucAlvaro_sm.png]
[hcdd1.org/page/Our_Organization_Admin - Copy.html]
[hcdd1.org/page/Projects_2012_j09_Drain.html]
[hcdd1.org/upload/page/0033/widgets/image/000681/J-09.jpg]
[hcdd1.org/upload/page/0035/widgets/image/000696/Raymondville.jpg]
[hcdd1.org/page/Projects_2012_Raymondville.html]
[hcdd1.org/upload/page/0050/widgets/image/000944/WestMain.jpg]
[hcdd1.org/page/Projects_West_Main_Drain_Control.html]
[hcdd1.org/upload/page/0051/widgets/image/000958/MissionLateral.jpg]
[hcdd1.org/page/Projects_Mission_Lateral.html]
[hcdd1.org/upload/page/0053/widgets/image/000965/FM495Drain.png]
[hcdd1.org/page/Projects_FM_495_Drain_Control_2.html]
[hcdd1.org/page/Projects_Pharr_SanJuan_Alamo_Lateral_Drain.html]
[hcdd1.org/upload/page/0054/widgets/image/000982/PSJALateral.jpg]
[hcdd1.org/upload/page/0055/widgets/image/000984/MissionInlet.jpg]
[hcdd1.org/page/Projects_Mission_Inlet_Recertification.html]
[hcdd1.org/upload/page/0056/widgets/image/000986/JacksonDrain.jpg]
[hcdd1.org/page/Projects_Jackson_Drain_Culvert.html]
[hcdd1.org/upload/page/0057/widgets/image/000998/EdinburgStub.jpg]
[hcdd1.org/page/Projects_Edinburg_Stub_Control_Structure.html]
[hcdd1.org/upload/page/0058/widgets/image/001011/AlamoControlStructure.jpg]
[hcdd1.org/page/Projects_Alamo_Lateral_Control_Structure.html]
[hcdd1.org/upload/page/0059/widgets/image/001033/SouthPharrMcAllenLateral.jpg]
[hcdd1.org/page/Projects_South_Pharr_McAllen_Lateral.html]
[hcdd1.org/upload/page/0060/widgets/image/001040/DonnaNorthLateral.jpg]
[hcdd1.org/page/Projects_Donna_North_Lateral.html]
[hcdd1.org/upload/page/0045/widgets/image/001052/AlamoExpressway.jpg]
[hcdd1.org/page/Projects_Alamo_Expressway_Drain.html]
[hcdd1.org/upload/page/0061/widgets/image/001054/SouthFloodwaterChannel2.jpg]
[hcdd1.org/page/Projects_South_Floodwater_Channel.html]
[hcdd1.org/page/Projects_Monte_Cristo_Drain_Control_Structure.html]
[hcdd1.org/upload/page/0062/widgets/image/001056/MonteCristo.jpg]
[hcdd1.org/upload/page/0064/widgets/image/001078/WeslacoNorth_1.jpg]
[hcdd1.org/page/Projects_Weslaco_North_Lateral_Control_Structure.html]
[hcdd1.org/upload/page/0093/widgets/image/001187/EastDonna_1.jpg]
[hcdd1.org/page/Projects_East_Donna_Drain.html]
[hcdd1.org/upload/page/0094/widgets/image/001193/WeslacoDrain_1.jpg]
[hcdd1.org/page/Projects_Weslaco_Drain_Lateral.html]
[hcdd1.org/upload/page/0065/widgets/image/001086/SouthMercedesLateral.jpg]
[hcdd1.org/page/Projects_South_Mercedes_Lateral_Control.html]
[hcdd1.org/upload/page/0066/widgets/image/001088/Mercedes Lateral.png]
[hcdd1.org/page/Projects_Mercedes_Lateral.html]
[hcdd1.org/upload/page/0067/widgets/image/001090/RadoDrain.jpg]
[hcdd1.org/page/Projects_Rado_Drain_Reroute.html]
[hcdd1.org/upload/page/0068/widgets/image/001092/Adams_Black_1.jpg]
[hcdd1.org/page/Projects_Adams_Black_Subdivision_RDD.html]
[hcdd1.org/page/Projects_Delta_West_RDD.html]
[hcdd1.org/upload/page/0070/widgets/image/001096/DeltaWest_1.jpg]
[hcdd1.org/upload/page/0071/widgets/image/001098/Ditch23_A.jpg]
[hcdd1.org/page/Projects_Ditch_023_RDD.html]
[hcdd1.org/upload/page/0073/widgets/image/001101/Heidelberg_A.jpg]
[hcdd1.org/page/Projects_Heidelberg_Subdivision_RDD.html]
[hcdd1.org/upload/page/0078/widgets/image/001111/LucerDelNorte_1.jpg]
[hcdd1.org/page/Projects_Lucero_Del_Norte_RDD.html]
[hcdd1.org/upload/page/0079/widgets/image/001146/Mile6W_Mile14N.jpg]
[hcdd1.org/page/Projects_Mile_6_West_DIP_RDD.html]
[hcdd1.org/upload/page/0095/widgets/image/001215/Mile13.5_FM1015_1.jpg]
[hcdd1.org/page/Projects_Mile_13.html]
[hcdd1.org/upload/page/0085/widgets/image/001181/OldRiverRoad1.jpg]
[hcdd1.org/page/Projects_Old_River_Road_RDD.html]
[hcdd1.org/upload/page/0088/widgets/image/001200/SpanishPalms_1.jpg]
[hcdd1.org/page/Projects_Spanish_Palms_RDD.html]
[hcdd1.org/upload/page/0089/widgets/image/001202/Tijerina_1.jpg]
[hcdd1.org/page/Projects_Tijerina_RDD.html]
[hcdd1.org/upload/page/0074/widgets/image/001103/HiddenValley.jpg]
[hcdd1.org/page/Projects_Hidden_Valley_Subdivision_RDD.html]
[hcdd1.org/upload/page/0077/widgets/image/001109/LasMilpasSFC.jpg]
[hcdd1.org/page/Projects_Las_Milpas_South_RDD.html]
[hcdd1.org/upload/page/0081/widgets/image/001160/Minnesota-CesarChavez.jpg]
[hcdd1.org/page/Projects_Minnesota_Chavez_Area_RDD.html]
[hcdd1.org/upload/page/0084/widgets/image/001179/NorthsideVillage.jpg]
[hcdd1.org/page/Projects_Northside_Village_RDD.html]
[hcdd1.org/page/Projects_Piena_Vista_RDD.html]
[hcdd1.org/upload/page/0086/widgets/image/001196/PlenaVista2.jpg]
[hcdd1.org/upload/page/0087/widgets/image/001198/Seminole.jpg]
[hcdd1.org/page/Projects_Seminole_Valley_RDD.html]
[hcdd1.org/upload/page/0090/widgets/image/001206/TrentonCrossing_1.jpg]
[hcdd1.org/page/Projects_Trenton_Crossing_RDD.html]
[hcdd1.org/upload/page/0092/widgets/image/001208/WisconsinCrossing.jpg]
[hcdd1.org/page/Projects_Wisconsin_Crossing_RDD.html]
[hcdd1.org/upload/page/0072/widgets/image/001100/FM 676 Outfalls.jpg]
[hcdd1.org/page/Projects_FM_676_Drainage_Outfall_RDD.html]
[hcdd1.org/upload/page/0076/widgets/image/001107/LaJoyaWatershed.jpg]
[hcdd1.org/page/Projects_LaJoya_Watershed_RDD.html]
[hcdd1.org/upload/page/0069/widgets/image/001094/AlamoBrisas_1.jpg]
[hcdd1.org/page/Projects_Alamo_Brisas_RDD.html]
[hcdd1.org/upload/page/0075/widgets/image/001105/Hoehn_1.jpg]
[hcdd1.org/page/Projects_Hoehn_RDD.html]
[hcdd1.org/upload/page/0080/widgets/image/001158/Tower_17.5_1.jpg]
[hcdd1.org/page/Projects_Mile_17.html]
[hcdd1.org/page/Projects_North_Seminary_Estates_RDD.html]
[hcdd1.org/upload/page/0082/widgets/image/001167/NorthSeminary.jpg]
[hcdd1.org/upload/page/0091/widgets/image/001204/TrentonPhasesII_III.jpg]
[hcdd1.org/page/Projects_Trenton_Phases_II_III_RDD.html]
[hcdd1.org/upload/page/0106/widgets/image/001275/MainFloodwaterChannelWeir5.jpg]
[hcdd1.org/page/Weir_Project_MFCW_5.html]
[hcdd1.org/upload/page/0105/widgets/image/001269/NorthMainDrainWeir1.jpg]
[hcdd1.org/page/Weir_Project_NMDW_1.html]
[hcdd1.org/upload/page/0104/widgets/image/001263/SouthMainDrainWeir5.jpg]
[hcdd1.org/page/Weir_Project_SMDW_5.html]
[hcdd1.org/upload/page/0103/widgets/image/001257/NorthMainDrainWeir3.jpg]
[hcdd1.org/page/Weir_Project_NMDW_3.html]
[hcdd1.org/upload/page/0108/widgets/image/001296/AlamoLateral.jpg]
[hcdd1.org/page/inHouse_Projects_Alamo_Lat.html]
[hcdd1.org/upload/page/0110/widgets/image/001312/AlbertaDrain_1.jpg]
[hcdd1.org/page/inHouse_Projects_Alberta_Drain.html]
[hcdd1.org/page/inHouse_Projects_Cesar_Chavez.html]
[hcdd1.org/upload/page/0111/widgets/image/001319/CesarChavezPhII.jpg]
[hcdd1.org/page/inHouse_Projects_Curry.html]
[hcdd1.org/upload/page/0112/widgets/image/001326/CurryDrain.jpg]
[hcdd1.org/upload/page/0113/widgets/image/001333/EastLateral_1.jpg]
[hcdd1.org/page/inHouse_Projects_East_Lateral.html]
[hcdd1.org/upload/page/0114/widgets/image/001340/Faysville.jpg]
[hcdd1.org/page/inHouse_Projects_Faysville.html]
[hcdd1.org/upload/page/0115/widgets/image/001347/HoehnSanSewer.jpg]
[hcdd1.org/page/inHouse_Projects_Hoehn.html]
[hcdd1.org/upload/page/0116/widgets/image/001354/Drain_6.jpg]
[hcdd1.org/page/inHouse_Projects_Indian_Hills.html]
[hcdd1.org/upload/page/0117/widgets/image/001361/J-08-00.jpg]
[hcdd1.org/page/inHouse_Projects_J08.html]
[hcdd1.org/upload/page/0118/widgets/image/001368/BorderTown.jpg]
[hcdd1.org/page/inHouse_Projects_J14_04.html]
[hcdd1.org/upload/page/0119/widgets/image/001375/JacksontoPinOak.jpg]
[hcdd1.org/page/inHouse_Projects_EDB_Jackson.html]
[hcdd1.org/upload/page/0120/widgets/image/001382/Kenyon.jpg]
[hcdd1.org/page/inHouse_Projects_Kenyon.html]
[hcdd1.org/upload/page/0121/widgets/image/001389/LaMeza_1.jpg]
[hcdd1.org/page/inHouse_Projects_La_Mesa.html]
[hcdd1.org/page/inHouse_Projects_Melba_Carter.html]
[hcdd1.org/upload/page/0122/widgets/image/001396/MelbaCarterDrain.jpg]
[hcdd1.org/upload/page/0123/widgets/image/001403/Mercedes.jpg]
[hcdd1.org/page/inHouse_Projects_Mercedes_Lat.html]
[hcdd1.org/upload/page/0124/widgets/image/001410/Milanos.jpg]
[hcdd1.org/page/inHouse_Projects_Milanos.html]
[hcdd1.org/upload/page/0125/widgets/image/001417/Mile3_AbramRegionalDetentionFacility.jpg]
[hcdd1.org/page/inHouse_Projects_Mile3_Abram.html]
[hcdd1.org/page/inHouse_Projects_Mile_17.html]
[hcdd1.org/upload/page/0126/widgets/image/001424/Mile17.5Road_Drainage.jpg]
[hcdd1.org/upload/page/0127/widgets/image/001431/NorthBranchDrain.jpg]
[hcdd1.org/page/inHouse_Projects_North_Branch.html]
[hcdd1.org/page/inHouse_Projects_Penitas.html]
[hcdd1.org/upload/page/0128/widgets/image/001438/PenitasDrain.jpg]
[hcdd1.org/upload/page/0129/widgets/image/001445/RMA.jpg]
[hcdd1.org/page/inHouse_Projects_RMA.html]
[hcdd1.org/upload/page/0130/widgets/image/001452/TexMexDrain.jpg]
[hcdd1.org/page/inHouse_Projects_Schunior.html]
[hcdd1.org/upload/page/0131/widgets/image/001459/SeminoleValley2Drain.jpg]
[hcdd1.org/page/inHouse_Projects_Seminole.html]
[hcdd1.org/upload/page/0132/widgets/image/001466/SouthDonnaDrain.jpg]
[hcdd1.org/page/inHouse_Projects_South_Donna.html]
[hcdd1.org/page/inHouse_Projects_South_Main_Drain_I.html]
[hcdd1.org/upload/page/0133/widgets/image/001473/SouthMainDrainI.jpg]
[hcdd1.org/page/inHouse_Projects_Sunflower_Park_Sec.html]
[hcdd1.org/upload/page/0134/widgets/image/001480/SundflowerParkSecondaryOutfall.jpg]
[hcdd1.org/upload/page/0135/widgets/image/001488/WillacyCounty_MFC-WR2.jpg]
[hcdd1.org/page/inHouse_Projects_Willacy_Culvert_Weir_2.html]
[hcdd1.org/upload/page/0136/widgets/image/001497/Y-Drain_1.jpg]
[hcdd1.org/page/inHouse_Projects_Y_Drain.html]
[hcdd1.org/page/open/729/0/Hidalgo County Brown Book.pdf]
[hcdd1.org/page/open/729/0/Insurance Requirements.pdf]
[hcdd1.org/page/open/1576/0/2016 HCDD1 Final Audit Report.pdf]
[hcdd1.org/page/open/1574/0/2018 Proposed Drainage District Budget.pdf]
[hcdd1.org/page/open/1574/0/2016 Drainage District  Budget.pdf]
[translate.google.com/translate_a/elementa0d8.js]
[hcdd1.org/page/open/729/0/Hidalgo County Brown Book.pdf]
[hcdd1.org/page/open/1576/0/2015 HCDD1 Final Audit Report.pdf]
[hcdd1.org/page/open/1576/0/2016 HCDD1 Final Audit Report.pdf]
[hcdd1.org/page/open/1574/0/2018 Proposed Drainage District Budget.pdf]
[hcdd1.org/page/open/1574/0/2016 Drainage District  Budget.pdf]
[hcdd1.org/page/open/729/0/Bidder Vendor Application and W-09.pdf]
